============================= test session starts ==============================
platform linux -- Python 3.12.12, pytest-7.4.4, pluggy-1.6.0 -- /home/jules/.pyenv/versions/3.12.12/bin/python3
cachedir: .pytest_cache
hypothesis profile 'default'
rootdir: /app
configfile: pytest.ini
testpaths: tests
plugins: asyncio-0.21.1, env-1.1.3, hypothesis-6.148.7, Faker-38.2.0, cov-4.1.0, anyio-4.12.0, factoryboy-2.8.1
asyncio: mode=Mode.AUTO
collecting ... collected 874 items / 16 errors

==================================== ERRORS ====================================
______________ ERROR collecting tests/test_api_first_platform.py _______________
ImportError while importing test module '/app/tests/test_api_first_platform.py'.
Hint: make sure your test modules/packages have valid Python names.
Traceback:
/home/jules/.pyenv/versions/3.12.12/lib/python3.12/importlib/__init__.py:90: in import_module
    return _bootstrap._gcd_import(name[level:], package, level)
tests/test_api_first_platform.py:4: in <module>
    from app.kernel import RealityKernel
app/kernel.py:26: in <module>
    from app.api.routers import admin, crud, data_mesh, observability, overmind, security, system
app/api/routers/admin.py:22: in <module>
    from app.api.v2.schemas import ChatRequest
app/api/v2/__init__.py:5: in <module>
    from app.api.v2.router import create_api_router
app/api/v2/router.py:7: in <module>
    from app.api.v2.endpoints import chat, health, tools
app/api/v2/endpoints/chat.py:13: in <module>
    from app.api.v2.dependencies import (
app/api/v2/dependencies.py:12: in <module>
    from app.services.agent_tools.refactored.registry import ToolRegistry, get_tool_registry
app/services/agent_tools/__init__.py:41: in <module>
    from .fs_tools import (
app/services/agent_tools/fs_tools.py:10: in <module>
    from .core import CANON_READ, CANON_WRITE, CANON_WRITE_IF_CHANGED, tool
E   ImportError: cannot import name 'CANON_READ' from 'app.services.agent_tools.core' (/app/app/services/agent_tools/core.py)
_____________ ERROR collecting tests/test_chat_session_factory.py ______________
ImportError while importing test module '/app/tests/test_chat_session_factory.py'.
Hint: make sure your test modules/packages have valid Python names.
Traceback:
/home/jules/.pyenv/versions/3.12.12/lib/python3.12/importlib/__init__.py:90: in import_module
    return _bootstrap._gcd_import(name[level:], package, level)
tests/test_chat_session_factory.py:3: in <module>
    from app.services.chat.orchestrator import ChatOrchestrator
app/services/chat/__init__.py:2: in <module>
    from app.services.chat.handlers.strategy_handlers import (
app/services/chat/handlers/strategy_handlers.py:14: in <module>
    from app.services.overmind.factory import create_overmind
app/services/overmind/factory.py:16: in <module>
    from app.services.agent_tools import get_registry
app/services/agent_tools/__init__.py:41: in <module>
    from .fs_tools import (
app/services/agent_tools/fs_tools.py:10: in <module>
    from .core import CANON_READ, CANON_WRITE, CANON_WRITE_IF_CHANGED, tool
E   ImportError: cannot import name 'CANON_READ' from 'app.services.agent_tools.core' (/app/app/services/agent_tools/core.py)
______________ ERROR collecting tests/test_static_routing_fix.py _______________
ImportError while importing test module '/app/tests/test_static_routing_fix.py'.
Hint: make sure your test modules/packages have valid Python names.
Traceback:
/home/jules/.pyenv/versions/3.12.12/lib/python3.12/importlib/__init__.py:90: in import_module
    return _bootstrap._gcd_import(name[level:], package, level)
tests/test_static_routing_fix.py:4: in <module>
    from app.main import create_app
app/main.py:13: in <module>
    from app.kernel import RealityKernel
app/kernel.py:26: in <module>
    from app.api.routers import admin, crud, data_mesh, observability, overmind, security, system
app/api/routers/admin.py:22: in <module>
    from app.api.v2.schemas import ChatRequest
app/api/v2/__init__.py:5: in <module>
    from app.api.v2.router import create_api_router
app/api/v2/router.py:7: in <module>
    from app.api.v2.endpoints import chat, health, tools
app/api/v2/endpoints/chat.py:13: in <module>
    from app.api.v2.dependencies import (
app/api/v2/dependencies.py:13: in <module>
    from app.services.chat.orchestrator import ChatOrchestrator
app/services/chat/__init__.py:2: in <module>
    from app.services.chat.handlers.strategy_handlers import (
app/services/chat/handlers/strategy_handlers.py:14: in <module>
    from app.services.overmind.factory import create_overmind
app/services/overmind/factory.py:16: in <module>
    from app.services.agent_tools import get_registry
app/services/agent_tools/__init__.py:41: in <module>
    from .fs_tools import (
app/services/agent_tools/fs_tools.py:10: in <module>
    from .core import CANON_READ, CANON_WRITE, CANON_WRITE_IF_CHANGED, tool
E   ImportError: cannot import name 'CANON_READ' from 'app.services.agent_tools.core' (/app/app/services/agent_tools/core.py)
___________ ERROR collecting tests/test_streaming_event_type_bug.py ____________
ImportError while importing test module '/app/tests/test_streaming_event_type_bug.py'.
Hint: make sure your test modules/packages have valid Python names.
Traceback:
/home/jules/.pyenv/versions/3.12.12/lib/python3.12/importlib/__init__.py:90: in import_module
    return _bootstrap._gcd_import(name[level:], package, level)
tests/test_streaming_event_type_bug.py:5: in <module>
    from app.api.routers.admin import get_current_user_id, get_session_factory
app/api/routers/admin.py:22: in <module>
    from app.api.v2.schemas import ChatRequest
app/api/v2/__init__.py:5: in <module>
    from app.api.v2.router import create_api_router
app/api/v2/router.py:7: in <module>
    from app.api.v2.endpoints import chat, health, tools
app/api/v2/endpoints/chat.py:13: in <module>
    from app.api.v2.dependencies import (
app/api/v2/dependencies.py:13: in <module>
    from app.services.chat.orchestrator import ChatOrchestrator
app/services/chat/__init__.py:2: in <module>
    from app.services.chat.handlers.strategy_handlers import (
app/services/chat/handlers/strategy_handlers.py:14: in <module>
    from app.services.overmind.factory import create_overmind
app/services/overmind/factory.py:16: in <module>
    from app.services.agent_tools import get_registry
app/services/agent_tools/__init__.py:41: in <module>
    from .fs_tools import (
app/services/agent_tools/fs_tools.py:10: in <module>
    from .core import CANON_READ, CANON_WRITE, CANON_WRITE_IF_CHANGED, tool
E   ImportError: cannot import name 'CANON_READ' from 'app.services.agent_tools.core' (/app/app/services/agent_tools/core.py)
_________________ ERROR collecting tests/test_stub_bug_fix.py __________________
ImportError while importing test module '/app/tests/test_stub_bug_fix.py'.
Hint: make sure your test modules/packages have valid Python names.
Traceback:
/home/jules/.pyenv/versions/3.12.12/lib/python3.12/importlib/__init__.py:90: in import_module
    return _bootstrap._gcd_import(name[level:], package, level)
tests/test_stub_bug_fix.py:3: in <module>
    from app.main import app
app/main.py:13: in <module>
    from app.kernel import RealityKernel
app/kernel.py:26: in <module>
    from app.api.routers import admin, crud, data_mesh, observability, overmind, security, system
app/api/routers/admin.py:22: in <module>
    from app.api.v2.schemas import ChatRequest
app/api/v2/__init__.py:5: in <module>
    from app.api.v2.router import create_api_router
app/api/v2/router.py:7: in <module>
    from app.api.v2.endpoints import chat, health, tools
app/api/v2/endpoints/chat.py:13: in <module>
    from app.api.v2.dependencies import (
app/api/v2/dependencies.py:13: in <module>
    from app.services.chat.orchestrator import ChatOrchestrator
app/services/chat/__init__.py:2: in <module>
    from app.services.chat.handlers.strategy_handlers import (
app/services/chat/handlers/strategy_handlers.py:14: in <module>
    from app.services.overmind.factory import create_overmind
app/services/overmind/factory.py:16: in <module>
    from app.services.agent_tools import get_registry
app/services/agent_tools/__init__.py:41: in <module>
    from .fs_tools import (
app/services/agent_tools/fs_tools.py:10: in <module>
    from .core import CANON_READ, CANON_WRITE, CANON_WRITE_IF_CHANGED, tool
E   ImportError: cannot import name 'CANON_READ' from 'app.services.agent_tools.core' (/app/app/services/agent_tools/core.py)
__________ ERROR collecting tests/api/test_admin_router_refactored.py __________
ImportError while importing test module '/app/tests/api/test_admin_router_refactored.py'.
Hint: make sure your test modules/packages have valid Python names.
Traceback:
/home/jules/.pyenv/versions/3.12.12/lib/python3.12/importlib/__init__.py:90: in import_module
    return _bootstrap._gcd_import(name[level:], package, level)
tests/api/test_admin_router_refactored.py:5: in <module>
    from app.api.routers.admin import get_current_user_id
app/api/routers/admin.py:22: in <module>
    from app.api.v2.schemas import ChatRequest
app/api/v2/__init__.py:5: in <module>
    from app.api.v2.router import create_api_router
app/api/v2/router.py:7: in <module>
    from app.api.v2.endpoints import chat, health, tools
app/api/v2/endpoints/chat.py:13: in <module>
    from app.api.v2.dependencies import (
app/api/v2/dependencies.py:13: in <module>
    from app.services.chat.orchestrator import ChatOrchestrator
app/services/chat/__init__.py:2: in <module>
    from app.services.chat.handlers.strategy_handlers import (
app/services/chat/handlers/strategy_handlers.py:14: in <module>
    from app.services.overmind.factory import create_overmind
app/services/overmind/factory.py:16: in <module>
    from app.services.agent_tools import get_registry
app/services/agent_tools/__init__.py:41: in <module>
    from .fs_tools import (
app/services/agent_tools/fs_tools.py:10: in <module>
    from .core import CANON_READ, CANON_WRITE, CANON_WRITE_IF_CHANGED, tool
E   ImportError: cannot import name 'CANON_READ' from 'app.services.agent_tools.core' (/app/app/services/agent_tools/core.py)
___________ ERROR collecting tests/core/test_kernel_comprehensive.py ___________
ImportError while importing test module '/app/tests/core/test_kernel_comprehensive.py'.
Hint: make sure your test modules/packages have valid Python names.
Traceback:
/home/jules/.pyenv/versions/3.12.12/lib/python3.12/importlib/__init__.py:90: in import_module
    return _bootstrap._gcd_import(name[level:], package, level)
tests/core/test_kernel_comprehensive.py:7: in <module>
    from app.kernel import RealityKernel
app/kernel.py:26: in <module>
    from app.api.routers import admin, crud, data_mesh, observability, overmind, security, system
app/api/routers/admin.py:22: in <module>
    from app.api.v2.schemas import ChatRequest
app/api/v2/__init__.py:5: in <module>
    from app.api.v2.router import create_api_router
app/api/v2/router.py:7: in <module>
    from app.api.v2.endpoints import chat, health, tools
app/api/v2/endpoints/chat.py:13: in <module>
    from app.api.v2.dependencies import (
app/api/v2/dependencies.py:13: in <module>
    from app.services.chat.orchestrator import ChatOrchestrator
app/services/chat/__init__.py:2: in <module>
    from app.services.chat.handlers.strategy_handlers import (
app/services/chat/handlers/strategy_handlers.py:14: in <module>
    from app.services.overmind.factory import create_overmind
app/services/overmind/factory.py:16: in <module>
    from app.services.agent_tools import get_registry
app/services/agent_tools/__init__.py:41: in <module>
    from .fs_tools import (
app/services/agent_tools/fs_tools.py:10: in <module>
    from .core import CANON_READ, CANON_WRITE, CANON_WRITE_IF_CHANGED, tool
E   ImportError: cannot import name 'CANON_READ' from 'app.services.agent_tools.core' (/app/app/services/agent_tools/core.py)
__________ ERROR collecting tests/core/test_middleware_duplication.py __________
ImportError while importing test module '/app/tests/core/test_middleware_duplication.py'.
Hint: make sure your test modules/packages have valid Python names.
Traceback:
/home/jules/.pyenv/versions/3.12.12/lib/python3.12/importlib/__init__.py:90: in import_module
    return _bootstrap._gcd_import(name[level:], package, level)
tests/core/test_middleware_duplication.py:5: in <module>
    from app.main import create_app
app/main.py:13: in <module>
    from app.kernel import RealityKernel
app/kernel.py:26: in <module>
    from app.api.routers import admin, crud, data_mesh, observability, overmind, security, system
app/api/routers/admin.py:22: in <module>
    from app.api.v2.schemas import ChatRequest
app/api/v2/__init__.py:5: in <module>
    from app.api.v2.router import create_api_router
app/api/v2/router.py:7: in <module>
    from app.api.v2.endpoints import chat, health, tools
app/api/v2/endpoints/chat.py:13: in <module>
    from app.api.v2.dependencies import (
app/api/v2/dependencies.py:13: in <module>
    from app.services.chat.orchestrator import ChatOrchestrator
app/services/chat/__init__.py:2: in <module>
    from app.services.chat.handlers.strategy_handlers import (
app/services/chat/handlers/strategy_handlers.py:14: in <module>
    from app.services.overmind.factory import create_overmind
app/services/overmind/factory.py:16: in <module>
    from app.services.agent_tools import get_registry
app/services/agent_tools/__init__.py:41: in <module>
    from .fs_tools import (
app/services/agent_tools/fs_tools.py:10: in <module>
    from .core import CANON_READ, CANON_WRITE, CANON_WRITE_IF_CHANGED, tool
E   ImportError: cannot import name 'CANON_READ' from 'app.services.agent_tools.core' (/app/app/services/agent_tools/core.py)
_ ERROR collecting tests/services/test_admin_chat_boundary_service_comprehensive.py _
ImportError while importing test module '/app/tests/services/test_admin_chat_boundary_service_comprehensive.py'.
Hint: make sure your test modules/packages have valid Python names.
Traceback:
/home/jules/.pyenv/versions/3.12.12/lib/python3.12/importlib/__init__.py:90: in import_module
    return _bootstrap._gcd_import(name[level:], package, level)
tests/services/test_admin_chat_boundary_service_comprehensive.py:9: in <module>
    from app.services.boundaries.admin_chat_boundary_service import AdminChatBoundaryService
app/services/boundaries/admin_chat_boundary_service.py:21: in <module>
    from app.services.admin.chat_streamer import AdminChatStreamer
app/services/admin/chat_streamer.py:14: in <module>
    from app.services.chat import get_chat_orchestrator
app/services/chat/__init__.py:2: in <module>
    from app.services.chat.handlers.strategy_handlers import (
app/services/chat/handlers/strategy_handlers.py:14: in <module>
    from app.services.overmind.factory import create_overmind
app/services/overmind/factory.py:16: in <module>
    from app.services.agent_tools import get_registry
app/services/agent_tools/__init__.py:41: in <module>
    from .fs_tools import (
app/services/agent_tools/fs_tools.py:10: in <module>
    from .core import CANON_READ, CANON_WRITE, CANON_WRITE_IF_CHANGED, tool
E   ImportError: cannot import name 'CANON_READ' from 'app.services.agent_tools.core' (/app/app/services/agent_tools/core.py)
__ ERROR collecting tests/services/test_admin_chat_boundary_service_final.py ___
ImportError while importing test module '/app/tests/services/test_admin_chat_boundary_service_final.py'.
Hint: make sure your test modules/packages have valid Python names.
Traceback:
/home/jules/.pyenv/versions/3.12.12/lib/python3.12/importlib/__init__.py:90: in import_module
    return _bootstrap._gcd_import(name[level:], package, level)
tests/services/test_admin_chat_boundary_service_final.py:7: in <module>
    from app.services.boundaries.admin_chat_boundary_service import AdminChatBoundaryService
app/services/boundaries/admin_chat_boundary_service.py:21: in <module>
    from app.services.admin.chat_streamer import AdminChatStreamer
app/services/admin/chat_streamer.py:14: in <module>
    from app.services.chat import get_chat_orchestrator
app/services/chat/__init__.py:2: in <module>
    from app.services.chat.handlers.strategy_handlers import (
app/services/chat/handlers/strategy_handlers.py:14: in <module>
    from app.services.overmind.factory import create_overmind
app/services/overmind/factory.py:16: in <module>
    from app.services.agent_tools import get_registry
app/services/agent_tools/__init__.py:41: in <module>
    from .fs_tools import (
app/services/agent_tools/fs_tools.py:10: in <module>
    from .core import CANON_READ, CANON_WRITE, CANON_WRITE_IF_CHANGED, tool
E   ImportError: cannot import name 'CANON_READ' from 'app.services.agent_tools.core' (/app/app/services/agent_tools/core.py)
__________ ERROR collecting tests/services/test_data_mesh_refactor.py __________
ImportError while importing test module '/app/tests/services/test_data_mesh_refactor.py'.
Hint: make sure your test modules/packages have valid Python names.
Traceback:
/home/jules/.pyenv/versions/3.12.12/lib/python3.12/importlib/__init__.py:90: in import_module
    return _bootstrap._gcd_import(name[level:], package, level)
tests/services/test_data_mesh_refactor.py:5: in <module>
    from app.main import app
app/main.py:13: in <module>
    from app.kernel import RealityKernel
app/kernel.py:26: in <module>
    from app.api.routers import admin, crud, data_mesh, observability, overmind, security, system
app/api/routers/admin.py:22: in <module>
    from app.api.v2.schemas import ChatRequest
app/api/v2/__init__.py:5: in <module>
    from app.api.v2.router import create_api_router
app/api/v2/router.py:7: in <module>
    from app.api.v2.endpoints import chat, health, tools
app/api/v2/endpoints/chat.py:13: in <module>
    from app.api.v2.dependencies import (
app/api/v2/dependencies.py:13: in <module>
    from app.services.chat.orchestrator import ChatOrchestrator
app/services/chat/__init__.py:2: in <module>
    from app.services.chat.handlers.strategy_handlers import (
app/services/chat/handlers/strategy_handlers.py:14: in <module>
    from app.services.overmind.factory import create_overmind
app/services/overmind/factory.py:16: in <module>
    from app.services.agent_tools import get_registry
app/services/agent_tools/__init__.py:41: in <module>
    from .fs_tools import (
app/services/agent_tools/fs_tools.py:10: in <module>
    from .core import CANON_READ, CANON_WRITE, CANON_WRITE_IF_CHANGED, tool
E   ImportError: cannot import name 'CANON_READ' from 'app.services.agent_tools.core' (/app/app/services/agent_tools/core.py)
______ ERROR collecting tests/services/admin/test_admin_chat_refactor.py _______
ImportError while importing test module '/app/tests/services/admin/test_admin_chat_refactor.py'.
Hint: make sure your test modules/packages have valid Python names.
Traceback:
/home/jules/.pyenv/versions/3.12.12/lib/python3.12/importlib/__init__.py:90: in import_module
    return _bootstrap._gcd_import(name[level:], package, level)
tests/services/admin/test_admin_chat_refactor.py:6: in <module>
    from app.services.boundaries.admin_chat_boundary_service import AdminChatBoundaryService
app/services/boundaries/admin_chat_boundary_service.py:21: in <module>
    from app.services.admin.chat_streamer import AdminChatStreamer
app/services/admin/chat_streamer.py:14: in <module>
    from app.services.chat import get_chat_orchestrator
app/services/chat/__init__.py:2: in <module>
    from app.services.chat.handlers.strategy_handlers import (
app/services/chat/handlers/strategy_handlers.py:14: in <module>
    from app.services.overmind.factory import create_overmind
app/services/overmind/factory.py:16: in <module>
    from app.services.agent_tools import get_registry
app/services/agent_tools/__init__.py:41: in <module>
    from .fs_tools import (
app/services/agent_tools/fs_tools.py:10: in <module>
    from .core import CANON_READ, CANON_WRITE, CANON_WRITE_IF_CHANGED, tool
E   ImportError: cannot import name 'CANON_READ' from 'app.services.agent_tools.core' (/app/app/services/agent_tools/core.py)
__ ERROR collecting tests/services/agent_tools/test_fs_tools_comprehensive.py __
ImportError while importing test module '/app/tests/services/agent_tools/test_fs_tools_comprehensive.py'.
Hint: make sure your test modules/packages have valid Python names.
Traceback:
/home/jules/.pyenv/versions/3.12.12/lib/python3.12/importlib/__init__.py:90: in import_module
    return _bootstrap._gcd_import(name[level:], package, level)
tests/services/agent_tools/test_fs_tools_comprehensive.py:6: in <module>
    from app.services.agent_tools.fs_tools import (
app/services/agent_tools/__init__.py:41: in <module>
    from .fs_tools import (
app/services/agent_tools/fs_tools.py:10: in <module>
    from .core import CANON_READ, CANON_WRITE, CANON_WRITE_IF_CHANGED, tool
E   ImportError: cannot import name 'CANON_READ' from 'app.services.agent_tools.core' (/app/app/services/agent_tools/core.py)
____ ERROR collecting tests/services/overmind/test_overmind_coverage_gap.py ____
ImportError while importing test module '/app/tests/services/overmind/test_overmind_coverage_gap.py'.
Hint: make sure your test modules/packages have valid Python names.
Traceback:
/home/jules/.pyenv/versions/3.12.12/lib/python3.12/importlib/__init__.py:90: in import_module
    return _bootstrap._gcd_import(name[level:], package, level)
tests/services/overmind/test_overmind_coverage_gap.py:8: in <module>
    from app.services.overmind.factory import create_overmind
app/services/overmind/factory.py:16: in <module>
    from app.services.agent_tools import get_registry
app/services/agent_tools/__init__.py:41: in <module>
    from .fs_tools import (
app/services/agent_tools/fs_tools.py:10: in <module>
    from .core import CANON_READ, CANON_WRITE, CANON_WRITE_IF_CHANGED, tool
E   ImportError: cannot import name 'CANON_READ' from 'app.services.agent_tools.core' (/app/app/services/agent_tools/core.py)
___________ ERROR collecting tests/smoke/test_service_integration.py ___________
ImportError while importing test module '/app/tests/smoke/test_service_integration.py'.
Hint: make sure your test modules/packages have valid Python names.
Traceback:
/home/jules/.pyenv/versions/3.12.12/lib/python3.12/importlib/__init__.py:90: in import_module
    return _bootstrap._gcd_import(name[level:], package, level)
tests/smoke/test_service_integration.py:7: in <module>
    from app.main import app
app/main.py:13: in <module>
    from app.kernel import RealityKernel
app/kernel.py:26: in <module>
    from app.api.routers import admin, crud, data_mesh, observability, overmind, security, system
app/api/routers/admin.py:22: in <module>
    from app.api.v2.schemas import ChatRequest
app/api/v2/__init__.py:5: in <module>
    from app.api.v2.router import create_api_router
app/api/v2/router.py:7: in <module>
    from app.api.v2.endpoints import chat, health, tools
app/api/v2/endpoints/chat.py:13: in <module>
    from app.api.v2.dependencies import (
app/api/v2/dependencies.py:13: in <module>
    from app.services.chat.orchestrator import ChatOrchestrator
app/services/chat/__init__.py:2: in <module>
    from app.services.chat.handlers.strategy_handlers import (
app/services/chat/handlers/strategy_handlers.py:14: in <module>
    from app.services.overmind.factory import create_overmind
app/services/overmind/factory.py:16: in <module>
    from app.services.agent_tools import get_registry
app/services/agent_tools/__init__.py:41: in <module>
    from .fs_tools import (
app/services/agent_tools/fs_tools.py:10: in <module>
    from .core import CANON_READ, CANON_WRITE, CANON_WRITE_IF_CHANGED, tool
E   ImportError: cannot import name 'CANON_READ' from 'app.services.agent_tools.core' (/app/app/services/agent_tools/core.py)
____________ ERROR collecting tests/unit/test_orchestrator_unit.py _____________
ImportError while importing test module '/app/tests/unit/test_orchestrator_unit.py'.
Hint: make sure your test modules/packages have valid Python names.
Traceback:
/home/jules/.pyenv/versions/3.12.12/lib/python3.12/importlib/__init__.py:90: in import_module
    return _bootstrap._gcd_import(name[level:], package, level)
tests/unit/test_orchestrator_unit.py:4: in <module>
    from app.services.chat.orchestrator import ChatOrchestrator
app/services/chat/__init__.py:2: in <module>
    from app.services.chat.handlers.strategy_handlers import (
app/services/chat/handlers/strategy_handlers.py:14: in <module>
    from app.services.overmind.factory import create_overmind
app/services/overmind/factory.py:16: in <module>
    from app.services.agent_tools import get_registry
app/services/agent_tools/__init__.py:41: in <module>
    from .fs_tools import (
app/services/agent_tools/fs_tools.py:10: in <module>
    from .core import CANON_READ, CANON_WRITE, CANON_WRITE_IF_CHANGED, tool
E   ImportError: cannot import name 'CANON_READ' from 'app.services.agent_tools.core' (/app/app/services/agent_tools/core.py)
=========================== short test summary info ============================
ERROR tests/test_api_first_platform.py
ERROR tests/test_chat_session_factory.py
ERROR tests/test_static_routing_fix.py
ERROR tests/test_streaming_event_type_bug.py
ERROR tests/test_stub_bug_fix.py
ERROR tests/api/test_admin_router_refactored.py
ERROR tests/core/test_kernel_comprehensive.py
ERROR tests/core/test_middleware_duplication.py
ERROR tests/services/test_admin_chat_boundary_service_comprehensive.py
ERROR tests/services/test_admin_chat_boundary_service_final.py
ERROR tests/services/test_data_mesh_refactor.py
ERROR tests/services/admin/test_admin_chat_refactor.py
ERROR tests/services/agent_tools/test_fs_tools_comprehensive.py
ERROR tests/services/overmind/test_overmind_coverage_gap.py
ERROR tests/smoke/test_service_integration.py
ERROR tests/unit/test_orchestrator_unit.py
!!!!!!!!!!!!!!!!!!! Interrupted: 16 errors during collection !!!!!!!!!!!!!!!!!!!
============================== 16 errors in 6.45s ==============================
